****************************************
Report : timing
        -path_type full
        -delay_type max
        -max_paths 1
        -report_by design
Design : remove_lso_linear
Version: U-2022.12-SP6
Date   : Thu Jan 22 12:21:20 2026
****************************************
Information: Timer using 'Estimated Delay Calculation'. (TIM-050)

  Startpoint: x[10] (input port clocked by clk)
  Endpoint: x_no_lso[31] (output port clocked by clk)
  Mode: func
  Corner: ss0p95v125c
  Scenario: func.ss0p95v125c
  Path Group: FEEDTHROUGH
  Path Type: max

  Point                                            Incr      Path  
  ------------------------------------------------------------------------
  clock clk (rise edge)                            0.00      0.00
  clock network delay (ideal)                      0.55      0.55
  input external delay                             0.50      1.05 r
  x[10] (in)                                       0.00      1.05 r
  A1/Y (OR2X1_HVT)                                 0.05      1.10 r
  A2/Y (OR4X1_RVT)                                 0.10      1.20 r
  A3/Y (OR2X2_RVT)                                 0.05      1.25 r
  A7/Y (OR2X1_LVT)                                 0.05      1.31 r
  A11/Y (OR2X1_LVT)                                0.05      1.36 r
  A14/Y (OR3X1_LVT)                                0.06      1.42 r
  A16/Y (OA21X1_RVT)                               0.05      1.47 r
  x_no_lso[31] (out)                               0.00      1.47 r
  data arrival time                                          1.47

  clock clk (rise edge)                            1.93      1.93
  clock network delay (ideal)                      0.50      2.43
  clock uncertainty                               -0.20      2.23
  output external delay                           -0.60      1.63
  data required time                                         1.63
  ------------------------------------------------------------------------
  data required time                                         1.63
  data arrival time                                         -1.47
  ------------------------------------------------------------------------
  slack (MET)                                                0.16


1
